16:15:11 **** Incremental Build of configuration Debug for project hdmi4 ****
make all 
make --no-print-directory pre-build
a9-linaro-pre-build-step
' '
make --no-print-directory main-build
'Building file: ../src/helloworld.c'
'Invoking: ARM v7 gcc compiler'
arm-none-eabi-gcc -Wall -O0 -g3 -c -fmessage-length=0 -MT"src/helloworld.o" -mcpu=cortex-a9 -mfpu=vfpv3 -mfloat-abi=hard -IC:/Users/vreys/OneDrive/school/spec/test/design_1_wrapper_1/export/design_1_wrapper_1/sw/design_1_wrapper_1/standalone_ps7_cortexa9_0/bspinclude/include -MMD -MP -MF"src/helloworld.d" -MT"src/helloworld.o" -o "src/helloworld.o" "../src/helloworld.c"
'Finished building: ../src/helloworld.c'
' '
'Building target: hdmi4.elf'
'Invoking: ARM v7 gcc linker'
arm-none-eabi-gcc -mcpu=cortex-a9 -mfpu=vfpv3 -mfloat-abi=hard -Wl,-build-id=none -specs=Xilinx.spec -Wl,-T -Wl,../src/lscript.ld -LC:/Users/vreys/OneDrive/school/spec/test/design_1_wrapper_1/export/design_1_wrapper_1/sw/design_1_wrapper_1/standalone_ps7_cortexa9_0/bsplib/lib -o "hdmi4.elf"  ./src/helloworld.o ./src/platform.o   -Wl,--start-group,-lxil,-lgcc,-lc,--end-group
'Finished building target: hdmi4.elf'
' '
'Invoking: ARM v7 Print Size'
arm-none-eabi-size hdmi4.elf  |tee "hdmi4.elf.size"
   text	   data	    bss	    dec	    hex	filename
  31321	   1184	  22648	  55153	   d771	hdmi4.elf
'Finished building: hdmi4.elf.size'
' '

16:15:12 Build Finished (took 1s.210ms)

