15:06:11 **** Incremental Build of configuration Debug for project hdmi3 ****
make all 
make --no-print-directory pre-build
a9-linaro-pre-build-step
' '
make --no-print-directory main-build
'Building file: ../src/helloworld.c'
'Invoking: ARM v7 gcc compiler'
arm-none-eabi-gcc -Wall -O0 -g3 -c -fmessage-length=0 -MT"src/helloworld.o" -mcpu=cortex-a9 -mfpu=vfpv3 -mfloat-abi=hard -IC:/Users/vreys/OneDrive/school/spec/test/design_1_wrapper2/export/design_1_wrapper2/sw/design_1_wrapper2/standalone_ps7_cortexa9_0/bspinclude/include -MMD -MP -MF"src/helloworld.d" -MT"src/helloworld.o" -o "src/helloworld.o" "../src/helloworld.c"
'Finished building: ../src/helloworld.c'
' '
'Building target: hdmi3.elf'
'Invoking: ARM v7 gcc linker'
arm-none-eabi-gcc -mcpu=cortex-a9 -mfpu=vfpv3 -mfloat-abi=hard -Wl,-build-id=none -specs=Xilinx.spec -Wl,-T -Wl,../src/lscript.ld -LC:/Users/vreys/OneDrive/school/spec/test/design_1_wrapper2/export/design_1_wrapper2/sw/design_1_wrapper2/standalone_ps7_cortexa9_0/bsplib/lib -o "hdmi3.elf"  ./src/helloworld.o ./src/platform.o  ./.metadata/.plugins/org.eclipse.cdt.make.core/specs.o   -Wl,--start-group,-lxil,-lgcc,-lc,--end-group
'Finished building target: hdmi3.elf'
' '
'Invoking: ARM v7 Print Size'
arm-none-eabi-size hdmi3.elf  |tee "hdmi3.elf.size"
   text	   data	    bss	    dec	    hex	filename
  31257	   1184	  22648	  55089	   d731	hdmi3.elf
'Finished building: hdmi3.elf.size'
' '

15:06:12 Build Finished (took 1s.188ms)

