Nothing to build in platform 'design_1_wrapper9'

22:25:30 **** Incremental Build of configuration Debug for project test9 ****
make all 
make --no-print-directory pre-build
a9-linaro-pre-build-step
' '
make --no-print-directory main-build
'Building file: ../src/display_demo.c'
'Invoking: ARM v7 gcc compiler'
arm-none-eabi-gcc -Wall -O0 -g3 -c -fmessage-length=0 -MT"src/display_demo.o" -mcpu=cortex-a9 -mfpu=vfpv3 -mfloat-abi=hard -IC:/Users/Administrator/Documents/Gitkraken/spec/vitis_experiment/design_1_wrapper9/export/design_1_wrapper9/sw/design_1_wrapper9/standalone_ps7_cortexa9_0/bspinclude/include -MMD -MP -MF"src/display_demo.d" -MT"src/display_demo.o" -o "src/display_demo.o" "../src/display_demo.c"
../src/display_demo.c: In function 'main':
../src/display_demo.c:185:14: warning: implicit declaration of function 'begin' [-Wimplicit-function-declaration]
  185 |      value = begin();
      |              ^~~~~
../src/display_demo.c:188:6: warning: implicit declaration of function 'disableIndicator' [-Wimplicit-function-declaration]
  188 |      disableIndicator();
      |      ^~~~~~~~~~~~~~~~
../src/display_demo.c:195:11: warning: implicit declaration of function 'getCalibratedA' [-Wimplicit-function-declaration]
  195 |   value = getCalibratedA();
      |           ^~~~~~~~~~~~~~
../src/display_demo.c:197:11: warning: implicit declaration of function 'getCalibratedB' [-Wimplicit-function-declaration]
  197 |   value = getCalibratedB();
      |           ^~~~~~~~~~~~~~
../src/display_demo.c:199:11: warning: implicit declaration of function 'getCalibratedC' [-Wimplicit-function-declaration]
  199 |   value = getCalibratedC();
      |           ^~~~~~~~~~~~~~
../src/display_demo.c:201:11: warning: implicit declaration of function 'getCalibratedD' [-Wimplicit-function-declaration]
  201 |   value = getCalibratedD();
      |           ^~~~~~~~~~~~~~
../src/display_demo.c:203:11: warning: implicit declaration of function 'getCalibratedE' [-Wimplicit-function-declaration]
  203 |   value = getCalibratedE();
      |           ^~~~~~~~~~~~~~
../src/display_demo.c:205:11: warning: implicit declaration of function 'getCalibratedF' [-Wimplicit-function-declaration]
  205 |   value = getCalibratedF();
      |           ^~~~~~~~~~~~~~
../src/display_demo.c:208:11: warning: implicit declaration of function 'getCalibratedG' [-Wimplicit-function-declaration]
  208 |   value = getCalibratedG();
      |           ^~~~~~~~~~~~~~
../src/display_demo.c:210:11: warning: implicit declaration of function 'getCalibratedH' [-Wimplicit-function-declaration]
  210 |   value = getCalibratedH();
      |           ^~~~~~~~~~~~~~
../src/display_demo.c:212:11: warning: implicit declaration of function 'getCalibratedR' [-Wimplicit-function-declaration]
  212 |   value = getCalibratedR();
      |           ^~~~~~~~~~~~~~
../src/display_demo.c:214:11: warning: implicit declaration of function 'getCalibratedI' [-Wimplicit-function-declaration]
  214 |   value = getCalibratedI();
      |           ^~~~~~~~~~~~~~
../src/display_demo.c:216:11: warning: implicit declaration of function 'getCalibratedS' [-Wimplicit-function-declaration]
  216 |   value = getCalibratedS();
      |           ^~~~~~~~~~~~~~
../src/display_demo.c:218:11: warning: implicit declaration of function 'getCalibratedJ' [-Wimplicit-function-declaration]
  218 |   value = getCalibratedJ();
      |           ^~~~~~~~~~~~~~
../src/display_demo.c:221:11: warning: implicit declaration of function 'getCalibratedT' [-Wimplicit-function-declaration]
  221 |   value = getCalibratedT();
      |           ^~~~~~~~~~~~~~
../src/display_demo.c:223:11: warning: implicit declaration of function 'getCalibratedU' [-Wimplicit-function-declaration]
  223 |   value = getCalibratedU();
      |           ^~~~~~~~~~~~~~
../src/display_demo.c:225:11: warning: implicit declaration of function 'getCalibratedV' [-Wimplicit-function-declaration]
  225 |   value = getCalibratedV();
      |           ^~~~~~~~~~~~~~
../src/display_demo.c:227:11: warning: implicit declaration of function 'getCalibratedW' [-Wimplicit-function-declaration]
  227 |   value = getCalibratedW();
      |           ^~~~~~~~~~~~~~
../src/display_demo.c:229:11: warning: implicit declaration of function 'getCalibratedK' [-Wimplicit-function-declaration]
  229 |   value = getCalibratedK();
      |           ^~~~~~~~~~~~~~
../src/display_demo.c:231:11: warning: implicit declaration of function 'getCalibratedL' [-Wimplicit-function-declaration]
  231 |   value = getCalibratedL();
      |           ^~~~~~~~~~~~~~
../src/display_demo.c:161:16: warning: unused variable 'tekst' [-Wunused-variable]
  161 |  unsigned char tekst[100] = {0};
      |                ^~~~~
../src/display_demo.c:160:6: warning: unused variable 'test' [-Wunused-variable]
  160 |  int test = 0;
      |      ^~~~
'Finished building: ../src/display_demo.c'
' '
'Building target: test9.elf'
'Invoking: ARM v7 gcc linker'
arm-none-eabi-gcc -mcpu=cortex-a9 -mfpu=vfpv3 -mfloat-abi=hard -Wl,-build-id=none -specs=Xilinx.spec -Wl,-T -Wl,../src/lscript.ld -LC:/Users/Administrator/Documents/Gitkraken/spec/vitis_experiment/design_1_wrapper9/export/design_1_wrapper9/sw/design_1_wrapper9/standalone_ps7_cortexa9_0/bsplib/lib -o "test9.elf"  ./src/dynclk/dynclk.o  ./src/display_ctrl/display_ctrl.o  ./src/SparkFun_AS7265X.o ./src/display_demo.o ./src/platform.o   -Wl,--start-group,-lxil,-lgcc,-lc,--end-group
'Finished building target: test9.elf'
' '
'Invoking: ARM v7 Print Size'
arm-none-eabi-size test9.elf  |tee "test9.elf.size"
   text	   data	    bss	    dec	    hex	filename
6319295	   3508	24908944	31231747	1dc8f03	test9.elf
'Finished building: test9.elf.size'
' '
