Nothing to build in platform 'design_1_wrapper9'

16:47:23 **** Clean-only build of configuration Debug for project test9 ****
make clean 
rm -rf  ./src/dynclk/dynclk.o  ./src/display_ctrl/display_ctrl.o  ./src/SparkFun_AS7265X.o ./src/display_demo.o ./src/platform.o  ./src/dynclk/dynclk.d  ./src/display_ctrl/display_ctrl.d  ./src/SparkFun_AS7265X.d ./src/display_demo.d ./src/platform.d  test9.elf.size  test9.elf
' '
16:47:23 **** Incremental Build of configuration Debug for project test9 ****
make all 
make --no-print-directory pre-build
a9-linaro-pre-build-step
' '
make --no-print-directory main-build
'Building file: ../src/dynclk/dynclk.c'
'Invoking: ARM v7 gcc compiler'
arm-none-eabi-gcc -Wall -O3 -g3 -c -fmessage-length=0 -MT"src/dynclk/dynclk.o" -mcpu=cortex-a9 -mfpu=vfpv3 -mfloat-abi=hard -IC:/Users/Administrator/Documents/Gitkraken/spec/vitis_experiment/design_1_wrapper9/export/design_1_wrapper9/sw/design_1_wrapper9/standalone_ps7_cortexa9_0/bspinclude/include -MMD -MP -MF"src/dynclk/dynclk.d" -MT"src/dynclk/dynclk.o" -o "src/dynclk/dynclk.o" "../src/dynclk/dynclk.c"
'Finished building: ../src/dynclk/dynclk.c'
' '
'Building file: ../src/display_ctrl/display_ctrl.c'
'Invoking: ARM v7 gcc compiler'
arm-none-eabi-gcc -Wall -O3 -g3 -c -fmessage-length=0 -MT"src/display_ctrl/display_ctrl.o" -mcpu=cortex-a9 -mfpu=vfpv3 -mfloat-abi=hard -IC:/Users/Administrator/Documents/Gitkraken/spec/vitis_experiment/design_1_wrapper9/export/design_1_wrapper9/sw/design_1_wrapper9/standalone_ps7_cortexa9_0/bspinclude/include -MMD -MP -MF"src/display_ctrl/display_ctrl.d" -MT"src/display_ctrl/display_ctrl.o" -o "src/display_ctrl/display_ctrl.o" "../src/display_ctrl/display_ctrl.c"
'Finished building: ../src/display_ctrl/display_ctrl.c'
' '
'Building file: ../src/SparkFun_AS7265X.c'
'Invoking: ARM v7 gcc compiler'
arm-none-eabi-gcc -Wall -O3 -g3 -c -fmessage-length=0 -MT"src/SparkFun_AS7265X.o" -mcpu=cortex-a9 -mfpu=vfpv3 -mfloat-abi=hard -IC:/Users/Administrator/Documents/Gitkraken/spec/vitis_experiment/design_1_wrapper9/export/design_1_wrapper9/sw/design_1_wrapper9/standalone_ps7_cortexa9_0/bspinclude/include -MMD -MP -MF"src/SparkFun_AS7265X.d" -MT"src/SparkFun_AS7265X.o" -o "src/SparkFun_AS7265X.o" "../src/SparkFun_AS7265X.c"
../src/SparkFun_AS7265X.c: In function 'readRegister':
../src/SparkFun_AS7265X.c:966:7: warning: variable 'test' set but not used [-Wunused-but-set-variable]
  966 |   int test = 0;
      |       ^~~~
../src/SparkFun_AS7265X.c: In function 'writeRegister':
../src/SparkFun_AS7265X.c:1009:7: warning: variable 'test' set but not used [-Wunused-but-set-variable]
 1009 |   int test = 0;
      |       ^~~~
'Finished building: ../src/SparkFun_AS7265X.c'
' '
'Building file: ../src/display_demo.c'
'Invoking: ARM v7 gcc compiler'
arm-none-eabi-gcc -Wall -O3 -g3 -c -fmessage-length=0 -MT"src/display_demo.o" -mcpu=cortex-a9 -mfpu=vfpv3 -mfloat-abi=hard -IC:/Users/Administrator/Documents/Gitkraken/spec/vitis_experiment/design_1_wrapper9/export/design_1_wrapper9/sw/design_1_wrapper9/standalone_ps7_cortexa9_0/bspinclude/include -MMD -MP -MF"src/display_demo.d" -MT"src/display_demo.o" -o "src/display_demo.o" "../src/display_demo.c"
../src/display_demo.c: In function 'printtest':
../src/display_demo.c:475:3: warning: 'strncpy' output may be truncated copying 18 bytes from a string of length 18 [-Wstringop-truncation]
  475 |   strncpy(tempChararray, arrayName, 18);
      |   ^~~~~~~~~~~~~~~~~~~~~~~~~~~~~~~~~~~~~
'Finished building: ../src/display_demo.c'
' '
'Building file: ../src/platform.c'
'Invoking: ARM v7 gcc compiler'
arm-none-eabi-gcc -Wall -O3 -g3 -c -fmessage-length=0 -MT"src/platform.o" -mcpu=cortex-a9 -mfpu=vfpv3 -mfloat-abi=hard -IC:/Users/Administrator/Documents/Gitkraken/spec/vitis_experiment/design_1_wrapper9/export/design_1_wrapper9/sw/design_1_wrapper9/standalone_ps7_cortexa9_0/bspinclude/include -MMD -MP -MF"src/platform.d" -MT"src/platform.o" -o "src/platform.o" "../src/platform.c"
'Finished building: ../src/platform.c'
' '
'Building target: test9.elf'
'Invoking: ARM v7 gcc linker'
arm-none-eabi-gcc -mcpu=cortex-a9 -mfpu=vfpv3 -mfloat-abi=hard -Wl,-build-id=none -specs=Xilinx.spec -Xlinker -lm -Wl,-T -Wl,../src/lscript.ld -LC:/Users/Administrator/Documents/Gitkraken/spec/vitis_experiment/design_1_wrapper9/export/design_1_wrapper9/sw/design_1_wrapper9/standalone_ps7_cortexa9_0/bsplib/lib -o "test9.elf"  ./src/dynclk/dynclk.o  ./src/display_ctrl/display_ctrl.o  ./src/SparkFun_AS7265X.o ./src/display_demo.o ./src/platform.o   -lm -Wl,--start-group,-lxil,-lgcc,-lc,--end-group
'Finished building target: test9.elf'
' '
'Invoking: ARM v7 Print Size'
arm-none-eabi-size test9.elf  |tee "test9.elf.size"
   text	   data	    bss	    dec	    hex	filename
6337795	  36260	24909120	31283175	1dd57e7	test9.elf
'Finished building: test9.elf.size'
' '
