13:41:12 **** Incremental Build of configuration Debug for project test9 ****
make all 
make --no-print-directory pre-build
a9-linaro-pre-build-step
' '
make --no-print-directory main-build
'Building file: ../src/display_demo.c'
'Invoking: ARM v7 gcc compiler'
arm-none-eabi-gcc -Wall -O3 -g3 -c -fmessage-length=0 -MT"src/display_demo.o" -mcpu=cortex-a9 -mfpu=vfpv3 -mfloat-abi=hard -IC:/Users/vreys/Desktop/spec/vitis_experiment/design_1_wrapper9/export/design_1_wrapper9/sw/design_1_wrapper9/standalone_ps7_cortexa9_0/bspinclude/include -MMD -MP -MF"src/display_demo.d" -MT"src/display_demo.o" -o "src/display_demo.o" "../src/display_demo.c"
../src/display_demo.c: In function 'printtest':
../src/display_demo.c:552:3: warning: 'strncpy' output may be truncated copying 18 bytes from a string of length 18 [-Wstringop-truncation]
  552 |   strncpy(tempChararray, arrayName, 18);
      |   ^~~~~~~~~~~~~~~~~~~~~~~~~~~~~~~~~~~~~
../src/display_demo.c:596:8: warning: 'charNumber' may be used uninitialized in this function [-Wmaybe-uninitialized]
  596 |        displayString(frame , HighestValues[i], 700-16*(strlen(HighestValues[i])-11), 950 + y, Colors[charNumber][0] , Colors[charNumber][1], Colors[charNumber][2]);
      |        ^~~~~~~~~~~~~~~~~~~~~~~~~~~~~~~~~~~~~~~~~~~~~~~~~~~~~~~~~~~~~~~~~~~~~~~~~~~~~~~~~~~~~~~~~~~~~~~~~~~~~~~~~~~~~~~~~~~~~~~~~~~~~~~~~~~~~~~~~~~~~~~~~~~~~~~~~~~~
'Finished building: ../src/display_demo.c'
' '
'Building target: test9.elf'
'Invoking: ARM v7 gcc linker'
arm-none-eabi-gcc -mcpu=cortex-a9 -mfpu=vfpv3 -mfloat-abi=hard -Wl,-build-id=none -specs=Xilinx.spec -Xlinker -lm -Wl,-T -Wl,../src/lscript.ld -LC:/Users/vreys/Desktop/spec/vitis_experiment/design_1_wrapper9/export/design_1_wrapper9/sw/design_1_wrapper9/standalone_ps7_cortexa9_0/bsplib/lib -o "test9.elf"  ./src/dynclk/dynclk.o  ./src/display_ctrl/display_ctrl.o  ./src/SparkFun_AS7265X.o ./src/display_demo.o ./src/platform.o   -lm -Wl,--start-group,-lxil,-lgcc,-lc,--end-group
'Finished building target: test9.elf'
' '
'Invoking: ARM v7 Print Size'
arm-none-eabi-size test9.elf  |tee "test9.elf.size"
   text	   data	    bss	    dec	    hex	filename
6340295	  36260	24909120	31285675	1dd61ab	test9.elf
'Finished building: test9.elf.size'
' '

13:41:27 Build Finished (took 14s.829ms)

