22:07:30 **** Build of configuration Debug for project test6 ****
make all 
make --no-print-directory pre-build
a9-linaro-pre-build-step
' '
make --no-print-directory main-build
'Building file: ../src/display_demo.c'
'Invoking: ARM v7 gcc compiler'
arm-none-eabi-gcc -Wall -O0 -g3 -c -fmessage-length=0 -MT"src/display_demo.o" -mcpu=cortex-a9 -mfpu=vfpv3 -mfloat-abi=hard -IC:/Users/vreys/OneDrive/school/spec/vitis_experiment/experiment5/export/experiment5/sw/experiment5/standalone_ps7_cortexa9_0/bspinclude/include -MMD -MP -MF"src/display_demo.d" -MT"src/display_demo.o" -o "src/display_demo.o" "../src/display_demo.c"
'Finished building: ../src/display_demo.c'
' '
'Building target: test6.elf'
'Invoking: ARM v7 gcc linker'
arm-none-eabi-gcc -mcpu=cortex-a9 -mfpu=vfpv3 -mfloat-abi=hard -Wl,-build-id=none -specs=Xilinx.spec -Wl,-T -Wl,../src/lscript.ld -LC:/Users/vreys/OneDrive/school/spec/vitis_experiment/experiment5/export/experiment5/sw/experiment5/standalone_ps7_cortexa9_0/bsplib/lib -o "test6.elf"  ./src/dynclk/dynclk.o  ./src/display_ctrl/display_ctrl.o  ./src/display_demo.o ./src/platform.o   -Wl,--start-group,-lxil,-lgcc,-lc,--end-group
'Finished building target: test6.elf'
' '
'Invoking: ARM v7 Print Size'
arm-none-eabi-size test6.elf  |tee "test6.elf.size"
   text	   data	    bss	    dec	    hex	filename
6273793	   1280	24908608	31183681	1dbd341	test6.elf
'Finished building: test6.elf.size'
' '

22:07:37 Build Finished (took 6s.701ms)

