18:08:01 **** Incremental Build of configuration Release for project isr ****
make all 
make --no-print-directory pre-build
a9-linaro-pre-build-step
' '
make --no-print-directory main-build
'Building file: ../src/SparkFun_AS7265X.c'
'Invoking: ARM v7 gcc compiler'
arm-none-eabi-gcc -Wall -O2 -c -fmessage-length=0 -MT"src/SparkFun_AS7265X.o" -mcpu=cortex-a9 -mfpu=vfpv3 -mfloat-abi=hard -IC:/Users/vreys/OneDrive/school/SystemOnChip/Spectroscopy/Xilinx/icr_wrapper/export/icr_wrapper/sw/icr_wrapper/standalone_ps7_cortexa9_0/bspinclude/include -MMD -MP -MF"src/SparkFun_AS7265X.d" -MT"src/SparkFun_AS7265X.o" -o "src/SparkFun_AS7265X.o" "../src/SparkFun_AS7265X.c"
../src/SparkFun_AS7265X.c: In function 'virtualReadRegister':
../src/SparkFun_AS7265X.c:872:15: warning: 'status' is used uninitialized in this function [-Wuninitialized]
  872 |   if ((status & AS7265X_RX_VALID) != 0) //There is data to be read
      |       ~~~~~~~~^~~~~~~~~~~~~~~~~~~
'Finished building: ../src/SparkFun_AS7265X.c'
' '
'Building file: ../src/helloworld.c'
'Invoking: ARM v7 gcc compiler'
arm-none-eabi-gcc -Wall -O2 -c -fmessage-length=0 -MT"src/helloworld.o" -mcpu=cortex-a9 -mfpu=vfpv3 -mfloat-abi=hard -IC:/Users/vreys/OneDrive/school/SystemOnChip/Spectroscopy/Xilinx/icr_wrapper/export/icr_wrapper/sw/icr_wrapper/standalone_ps7_cortexa9_0/bspinclude/include -MMD -MP -MF"src/helloworld.d" -MT"src/helloworld.o" -o "src/helloworld.o" "../src/helloworld.c"
../src/helloworld.c: In function 'main':
../src/helloworld.c:65:16: warning: unused variable 'tekst' [-Wunused-variable]
   65 |  unsigned char tekst[100] = {0};
      |                ^~~~~
../src/helloworld.c:64:6: warning: unused variable 'test' [-Wunused-variable]
   64 |  int test = 0;
      |      ^~~~
'Finished building: ../src/helloworld.c'
' '
'Building file: ../src/platform.c'
'Invoking: ARM v7 gcc compiler'
arm-none-eabi-gcc -Wall -O2 -c -fmessage-length=0 -MT"src/platform.o" -mcpu=cortex-a9 -mfpu=vfpv3 -mfloat-abi=hard -IC:/Users/vreys/OneDrive/school/SystemOnChip/Spectroscopy/Xilinx/icr_wrapper/export/icr_wrapper/sw/icr_wrapper/standalone_ps7_cortexa9_0/bspinclude/include -MMD -MP -MF"src/platform.d" -MT"src/platform.o" -o "src/platform.o" "../src/platform.c"
'Finished building: ../src/platform.c'
' '
'Building target: isr.elf'
'Invoking: ARM v7 gcc linker'
arm-none-eabi-gcc -mcpu=cortex-a9 -mfpu=vfpv3 -mfloat-abi=hard -Wl,-build-id=none -specs=Xilinx.spec -Wl,-T -Wl,../src/lscript.ld -LC:/Users/vreys/OneDrive/school/SystemOnChip/Spectroscopy/Xilinx/icr_wrapper/export/icr_wrapper/sw/icr_wrapper/standalone_ps7_cortexa9_0/bsplib/lib -o "isr.elf"  ./src/SparkFun_AS7265X.o ./src/helloworld.o ./src/platform.o   -Wl,--start-group,-lxil,-lgcc,-lc,--end-group
'Finished building target: isr.elf'
' '
'Invoking: ARM v7 Print Size'
arm-none-eabi-size isr.elf  |tee "isr.elf.size"
   text	   data	    bss	    dec	    hex	filename
  65423	   3372	  22912	  91707	  1663b	isr.elf
'Finished building: isr.elf.size'
' '

18:08:03 Build Finished (took 2s.151ms)

