18:50:39 **** Incremental Build of configuration Debug for project xilinxwithTimer ****
make all 
make --no-print-directory pre-build
a9-linaro-pre-build-step
' '
make --no-print-directory main-build
'Building file: ../src/SparkFun_AS7265X.c'
'Invoking: ARM v7 gcc compiler'
arm-none-eabi-gcc -Wall -O0 -g3 -c -fmessage-length=0 -MT"src/SparkFun_AS7265X.o" -mcpu=cortex-a9 -mfpu=vfpv3 -mfloat-abi=hard -IC:/Users/vreys/OneDrive/school/SystemOnChip/Spectroscopy/Xilinx/i2c_pynq/export/i2c_pynq/sw/i2c_pynq/standalone_ps7_cortexa9_0/bspinclude/include -MMD -MP -MF"src/SparkFun_AS7265X.d" -MT"src/SparkFun_AS7265X.o" -o "src/SparkFun_AS7265X.o" "../src/SparkFun_AS7265X.c"
'Finished building: ../src/SparkFun_AS7265X.c'
' '
'Building target: xilinxwithTimer.elf'
'Invoking: ARM v7 gcc linker'
arm-none-eabi-gcc -mcpu=cortex-a9 -mfpu=vfpv3 -mfloat-abi=hard -Wl,-build-id=none -specs=Xilinx.spec -Wl,-T -Wl,../src/lscript.ld -LC:/Users/vreys/OneDrive/school/SystemOnChip/Spectroscopy/Xilinx/i2c_pynq/export/i2c_pynq/sw/i2c_pynq/standalone_ps7_cortexa9_0/bsplib/lib -o "xilinxwithTimer.elf"  ./src/SparkFun_AS7265X.o ./src/helloworld.o ./src/platform.o   -Wl,--start-group,-lxil,-lgcc,-lc,--end-group
'Finished building target: xilinxwithTimer.elf'
' '
'Invoking: ARM v7 Print Size'
arm-none-eabi-size xilinxwithTimer.elf  |tee "xilinxwithTimer.elf.size"
   text	   data	    bss	    dec	    hex	filename
  60663	   2596	  22848	  86107	  1505b	xilinxwithTimer.elf
'Finished building: xilinxwithTimer.elf.size'
' '

18:50:41 Build Finished (took 1s.573ms)

