#-----------------------------------------------------------
# Vivado v2021.2 (64-bit)
# SW Build 3367213 on Tue Oct 19 02:48:09 MDT 2021
# IP Build 3369179 on Thu Oct 21 08:25:16 MDT 2021
# Start of session at: Thu Mar 10 12:39:58 2022
# Process ID: 22312
# Current directory: C:/Users/vreys/OneDrive/school/SystemOnChip/Spectroscopy/project_1
# Command line: vivado.exe -gui_launcher_event rodinguilauncherevent1528 C:\Users\vreys\OneDrive\school\SystemOnChip\Spectroscopy\project_1\project_1.xpr
# Log file: C:/Users/vreys/OneDrive/school/SystemOnChip/Spectroscopy/project_1/vivado.log
# Journal file: C:/Users/vreys/OneDrive/school/SystemOnChip/Spectroscopy/project_1\vivado.jou
# Running On: Brent_laptop, OS: Windows, CPU Frequency: 2304 MHz, CPU Physical cores: 8, Host memory: 16904 MB
#-----------------------------------------------------------
start_gui
open_project C:/Users/vreys/OneDrive/school/SystemOnChip/Spectroscopy/project_1/project_1.xpr
open_bd_design {C:/Users/vreys/OneDrive/school/SystemOnChip/Spectroscopy/project_1/project_1.srcs/sources_1/bd/design_1/design_1.bd}
update_compile_order -fileset sources_1
